<use f='include/google/protobuf/map.h' l='109'/>
<def f='include/google/protobuf/map.h' l='123' ll='1214'/>
<use f='include/google/protobuf/map_field_lite.h' l='53'/>
<use f='include/google/protobuf/map_field_lite.h' l='63' c='_ZNK6google8protobuf8internal12MapFieldLite6GetMapEv'/>
<use f='include/google/protobuf/map_field_lite.h' l='64' c='_ZN6google8protobuf8internal12MapFieldLite10MutableMapEv'/>
<use f='include/google/protobuf/map_field_lite.h' l='70' c='_ZN6google8protobuf8internal12MapFieldLite9MergeFromERKNS1_12MapFieldLiteIT_T0_T1_XT2_EXT3_EXT4_EEE'/>
<use f='include/google/protobuf/map_field_lite.h' l='106'/>
<use f='include/google/protobuf/map_field_lite.h' l='116' c='_ZN6google8protobuf8internal17AllAreInitializedERKNS0_3MapIT_T0_EE'/>
<use f='include/google/protobuf/map_field_lite.h' l='117' c='_ZN6google8protobuf8internal17AllAreInitializedERKNS0_3MapIT_T0_EE'/>
<use f='include/google/protobuf/generated_message_table_driven.h' l='186' c='_ZN6google8protobuf8internal8ParseMapEPNS0_2io16CodedInputStreamEPv'/>
<fun r='_ZN6google8protobuf3MapC1Ev'/>
<fun r='_ZN6google8protobuf3MapC1EPNS0_5ArenaE'/>
<fun r='_ZN6google8protobuf3MapC1ERKNS0_3MapIT_T0_EE'/>
<fun r='_ZN6google8protobuf3MapC1EONS0_3MapIT_T0_EE'/>
<fun r='_ZN6google8protobuf3MapaSEONS0_3MapIT_T0_EE'/>
<fun r='_ZN6google8protobuf3MapC1ERKTL0__S4_'/>
<fun r='_ZN6google8protobuf3MapD1Ev'/>
<fun r='_ZN6google8protobuf3Map4InitEv'/>
<fun r='_ZN6google8protobuf3Map5beginEv'/>
<fun r='_ZN6google8protobuf3Map3endEv'/>
<fun r='_ZNK6google8protobuf3Map5beginEv'/>
<fun r='_ZNK6google8protobuf3Map3endEv'/>
<fun r='_ZNK6google8protobuf3Map6cbeginEv'/>
<fun r='_ZNK6google8protobuf3Map4cendEv'/>
<fun r='_ZNK6google8protobuf3Map4sizeEv'/>
<fun r='_ZNK6google8protobuf3Map5emptyEv'/>
<fun r='_ZN6google8protobuf3MapixERKT_'/>
<fun r='_ZNK6google8protobuf3Map2atERKT_'/>
<fun r='_ZN6google8protobuf3Map2atERKT_'/>
<fun r='_ZNK6google8protobuf3Map5countERKT_'/>
<fun r='_ZNK6google8protobuf3Map4findERKT_'/>
<fun r='_ZN6google8protobuf3Map4findERKT_'/>
<fun r='_ZNK6google8protobuf3Map11equal_rangeERKT_'/>
<fun r='_ZN6google8protobuf3Map11equal_rangeERKT_'/>
<fun r='_ZN6google8protobuf3Map6insertERKNS0_7MapPairIT_T0_EE'/>
<fun r='_ZN6google8protobuf3Map6insertETL0__S2_'/>
<fun r='_ZN6google8protobuf3Map6insertESt16initializer_listINS0_7MapPairIT_T0_EEE'/>
<fun r='_ZN6google8protobuf3Map5eraseERKT_'/>
<fun r='_ZN6google8protobuf3Map5eraseENS1_8iteratorE'/>
<fun r='_ZN6google8protobuf3Map5eraseENS1_8iteratorES2_'/>
<fun r='_ZN6google8protobuf3Map5clearEv'/>
<fun r='_ZN6google8protobuf3MapaSERKNS0_3MapIT_T0_EE'/>
<fun r='_ZN6google8protobuf3Map4swapERNS0_3MapIT_T0_EE'/>
<fun r='_ZNK6google8protobuf3Map13hash_functionEv'/>
<fun r='_ZN6google8protobuf3Map19SetDefaultEnumValueEi'/>
<fun r='_ZN6google8protobuf3Map23CreateValueTypeInternalERKT_'/>
<fun r='_ZN6google8protobuf3Map23CreateValueTypeInternalERKNS0_7MapPairIT_T0_EE'/>
<mbr r='google::protobuf::Map::arena_' t='google::protobuf::Arena *'/>
<mbr r='google::protobuf::Map::default_enum_value_' t='int'/>
<mbr r='google::protobuf::Map::elements_' t='google::protobuf::Map::InnerMap *'/>
